// Jest Snapshot v1, https://goo.gl/fbAQLP

exports[`<StructureFilters /> matches the latest snapshot 1`] = `
<React.Fragment>
  <Dropdown
    additionLabel="Add "
    additionPosition="top"
    button={true}
    className="icon"
    closeOnBlur={true}
    deburr={false}
    floating={true}
    icon="filter"
    labeled={true}
    minCharacters={1}
    noResultsMessage="No results found."
    onOpen={[Function]}
    openOnFocus={true}
    renderLabel={[Function]}
    scrolling={true}
    searchInput="text"
    selectOnBlur={true}
    selectOnNavigation={true}
    text="structures.filters"
    upward={false}
    wrapSelection={true}
  >
    <DropdownMenu>
      <DropdownItem>
        <em>
          <FormattedMessage
            defaultMessage="(reset filters)"
            id="structures.filters.reset"
            values={Object {}}
          />
        </em>
      </DropdownItem>
    </DropdownMenu>
  </Dropdown>
</React.Fragment>
`;
