// Jest Snapshot v1, https://goo.gl/fbAQLP

exports[`<StructuresLabelResults /> matches the latest snapshot 1`] = `
<Label
  style={
    Object {
      "float": "right",
      "margin": "10px",
    }
  }
>
  22
  <LabelDetail>
    structures.retrieved.results
  </LabelDetail>
</Label>
`;
