// Jest Snapshot v1, https://goo.gl/fbAQLP

exports[`<StructuresLoader /> matches the latest snapshot 1`] = `<Loading />`;
