// Jest Snapshot v1, https://goo.gl/fbAQLP

exports[`<NewRule /> matches the latest snapshot 1`] = `
<Container
  as={[Function]}
  text={true}
>
  <Header
    as="h2"
  >
    <Icon
      as="i"
      name="wrench"
    />
    <HeaderContent>
      <FormattedMessage
        id="rule.actions.create"
        values={Object {}}
      />
    </HeaderContent>
  </Header>
  <withRouter(InjectIntl(Connect(RuleForm)))
    handleSubmit={[MockFunction]}
  />
</Container>
`;
