// Jest Snapshot v1, https://goo.gl/fbAQLP

exports[`<RuleActions /> matches the latest snapshot 1`] = `<Route />`;
