// Jest Snapshot v1, https://goo.gl/fbAQLP

exports[`<RulesLoader /> matches the latest snapshot 1`] = `<Loading />`;
