// Jest Snapshot v1, https://goo.gl/fbAQLP

exports[`<ConceptFiltersLoader /> matches the latest snapshot 1`] = `<Loading />`;
